<html>
<body>
<pre>
<h1>µVision Build Log</h1>
<h2>Tool Versions:</h2>
IDE-Version: ¦ÌVision V5.36.0.0
Copyright (C) 2021 ARM Ltd and ARM Germany GmbH. All rights reserved.
License Information: li 8615138357029, li, LIC=14HV2-9EHK7-Y8SFK-ZJ14T-JSC4T-TVY3G
 
Tool Versions:
Toolchain:       MDK-ARM Plus  Version: <unknown>
Toolchain Path:  F:\Singlechip\SoftWare\Keil_v5\ARM\ARMCC\Bin
C Compiler:      Armcc.exe V5.06 update 7 (build 960)
Assembler:       Armasm.exe V5.06 update 7 (build 960)
Linker/Locator:  ArmLink.exe V5.06 update 7 (build 960)
Library Manager: ArmAr.exe V5.06 update 7 (build 960)
Hex Converter:   FromElf.exe V5.06 update 7 (build 960)
CPU DLL:         SARMCM3.DLL
Dialog DLL:      DCM.DLL
    Target DLL: STLink\ST-LINKIII-KEIL_SWO.dll
Dialog DLL:      TCM.DLL
 
<h2>Project:</h2>
F:\BaiduNetdiskDownload\WHEELTEC\WHEELTEC\MDK-ARM\WHEELTEC.uvprojx
Project File Date:  06/10/2026

<h2>Output:</h2>
*** Using Compiler 'V5.06 update 7 (build 960)', folder: 'F:\Singlechip\SoftWare\Keil_v5\ARM\ARMCC\Bin'
Rebuild target 'WHEELTEC'
assembling startup_stm32f407xx.s...
compiling stm32f4xx_hal_timebase_tim.c...
compiling stm32f4xx_it.c...
compiling stm32f4xx_hal_msp.c...
compiling usart.c...
compiling adc.c...
compiling can.c...
compiling gpio.c...
compiling dma.c...
compiling freertos.c...
compiling tim.c...
compiling main.c...
compiling stm32f4xx_hal_tim.c...
compiling stm32f4xx_hal_flash_ex.c...
compiling stm32f4xx_hal_flash_ramfunc.c...
compiling stm32f4xx_hal_flash.c...
compiling stm32f4xx_hal_gpio.c...
compiling stm32f4xx_hal_rcc_ex.c...
compiling stm32f4xx_hal_hcd.c...
compiling stm32f4xx_hal_tim_ex.c...
compiling stm32f4xx_hal_pwr.c...
compiling stm32f4xx_hal_dma.c...
compiling stm32f4xx_ll_usb.c...
compiling stm32f4xx_ll_adc.c...
compiling stm32f4xx_hal_rcc.c...
compiling croutine.c...
compiling stm32f4xx_hal_dma_ex.c...
compiling event_groups.c...
compiling list.c...
compiling stream_buffer.c...
compiling queue.c...
compiling tasks.c...
compiling timers.c...
compiling heap_4.c...
compiling port.c...
compiling system_stm32f4xx.c...
compiling stm32f4xx_hal_pwr_ex.c...
compiling bsp_dwt.c...
compiling stm32f4xx_hal_can.c...
compiling stm32f4xx_hal.c...
compiling stm32f4xx_hal_cortex.c...
compiling stm32f4xx_hal_adc_ex.c...
compiling stm32f4xx_hal_exti.c...
compiling bsp_led.c...
compiling bsp_buzzer.c...
compiling bsp_gamepad.c...
compiling stm32f4xx_hal_uart.c...
compiling stm32f4xx_hal_adc.c...
compiling cmsis_os2.c...
compiling bsp_ServoDrive.c...
compiling imu_task.c...
compiling SerialControl_task.c...
compiling bsp_flash.c...
compiling bsp_adc.c...
compiling bsp_key.c...
compiling bsp_siic.c...
compiling bsp_oled.c...
compiling bsp_RTOSdebug.c...
compiling bsp_icm20948.c...
compiling bsp_can.c...
compiling rc_joystick.c...
compiling bsp_RGBLight.c...
compiling robot_select_init.c...
compiling BlueTooth_task.c...
compiling RobotControl_task.c...
compiling appshow_task.c...
compiling sensor_ranger.c...
compiling data_task.c...
compiling RGBStripControl_task.c...
compiling AutoRecharge_task.c...
compiling reportErr_task.c...
compiling tim_capture_callback.c...
compiling uart_callback.c...
compiling can_callback.c...
compiling show_task.c...
compiling usbh_hid_GamePad.c...
compiling xbox360_gamepad.c...
compiling WiredPS2_gamepad.c...
compiling usbh_conf.c...
compiling usbh_ctlreq.c...
compiling usbh_core.c...
compiling usb_host.c...
compiling usbh_ioreq.c...
compiling usbh_pipes.c...
compiling usbh_hid_keybd.c...
compiling usbh_hid.c...
compiling usbh_hid_mouse.c...
compiling usbh_hid_parser.c...
linking...
Program Size: Code=87152 RO-data=4604 RW-data=1632 ZI-data=65016  
FromELF: creating hex file...
After Build - User command #1: fromelf --bin --output=..\WHEELTEC.bin .\WHEELTEC\WHEELTEC.axf
"WHEELTEC\WHEELTEC.axf" - 0 Error(s), 0 Warning(s).

<h2>Software Packages used:</h2>

Package Vendor: ARM
                http://www.keil.com/pack/ARM.CMSIS.5.8.0.pack
                ARM.CMSIS.5.8.0
                CMSIS (Common Microcontroller Software Interface Standard)
   * Component: CORE Version: 5.5.0

Package Vendor: Keil
                https://www.keil.com/pack/Keil.STM32F4xx_DFP.3.1.1.pack
                Keil.STM32F4xx_DFP.3.1.1
                STMicroelectronics STM32F4 Series Device Support

<h2>Collection of Component include folders:</h2>
  .\RTE\_WHEELTEC
  C:\Users\86151\AppData\Local\Arm\Packs\ARM\CMSIS\5.8.0\CMSIS\Core\Include

<h2>Collection of Component Files used:</h2>

   * Component: ARM::CMSIS:CORE:5.5.0
      Include file:  CMSIS\Core\Include\tz_context.h
Build Time Elapsed:  00:01:23
</pre>
</body>
</html>
